---
source: src/ui.rs
assertion_line: 3217
expression: snapshot
---

 ┌──────────────────────────────────────────────────────────────────────────────────────────────────────────┐
 │ Info │ Headers │ Body │ Response                                                                         │
 └──────────────────────────────────────────────────────────────────────────────────────────────────────────┘
 ┌ Response Status ─────────────────────────────────────────────────────────────────────────────────────────┐
 │STATUS    202                                                                                             │
 │Duration: 64ms                                                                                            │
 │                                                                                                          │
 └──────────────────────────────────────────────────────────────────────────────────────────────────────────┘
 ┌ Response Headers (3) ────────────────────────────────────────────────────────────────────────────────────┐
 │content-type                  application/json                                                            │
 │server                        local-test-rig                                                              │
 │x-request-id                  fwd_01hy8gm9vk4r8mwrq27z                                                    │
 │                                                                                                          │
 │                                                                                                          │
 │                                                                                                          │
 └──────────────────────────────────────────────────────────────────────────────────────────────────────────┘
 ┌ Response Body ───────────────────────────────────────────────────────────────────────────────────────────┐
 │{                                                                                                         │
 │  "accepted": true,                                                                                       │
 │  "attempt": 1,                                                                                           │
 │  "duration_ms": 64,                                                                                      │
 │  "queue": "webhook-forwarder"                                                                            │
 │}                                                                                                         │
 │                                                                                                          │
 └──────────────────────────────────────────────────────────────────────────────────────────────────────────┘
 Request  Tab Tabs | ↑↓ Scroll | F Forward | E Export | B Back | Q Quit                        API connected
