---
source: src/ui.rs
expression: snapshot
---

 ┌──────────────────────────────────────────────────────────────────────────────────────┐
 │                                ⠸ Forwarding request...                               │
 │                                                                                      │
 │                                                                                      │
 │                                                                                      │
 │                                                                                      │
 │                                                                                      │
 │                                                                                      │
 │                                                                                      │
 │                                                                                      │
 │                                                                                      │
 │                                                                                      │
 └──────────────────────────────────────────────────────────────────────────────────────┘
 ⠸ Forwarding  Please wait                                                 API connected
