---
source: src/ui.rs
assertion_line: 3340
expression: snapshot
---

 ┌ Error ───────────────────────────────────────────────────────────────────────────────┐
 │                    Tunnel connection failed: upstream returned 503                   │
 │                                                                                      │
 │                HINT    Check the local service, then press r to retry                │
 │                                                                                      │
 │                                                                                      │
 │                                                                                      │
 │                                                                                      │
 │                                                                                      │
 │                                                                                      │
 │                                                                                      │
 └──────────────────────────────────────────────────────────────────────────────────────┘
 ────────────────────────────────────────────────────────────────────────────────────────
                             r: Retry | b/Esc: Back | q: Quit

 Error  R Retry | B/Esc Back | Q Quit                                      API connected
