---
source: src/ui.rs
expression: snapshot
---

 ┌ Tunnel Connection ──────────────────────────────────────────────────┐┌ Statistics ─────────────────────────────────┐
 │Endpoint: github-webhooks-v7zd                                       ││Total:   0                                   │
 │Target:   http://localhost:3000                                      ││Success: 0                                   │
 │Status:   ● Connected                                                ││Failed:  0                                   │
 └─────────────────────────────────────────────────────────────────────┘└─────────────────────────────────────────────┘
 ┌ Live Requests ─────────────────────────────────────────────────────────────────────────────────────────────────────┐
 │                                                        **%%%%%%%%%%%%*                                             │
 │                                                   *%%%%%%%%%%%%%%%%%%%%*                                           │
 │                                               *%%%%%%%%%%%%**      *%%%%                                           │
 │                                           %%%%%%%%%%%%%%%         ***                                              │
 │                                           %%%%%%%%%%%%*        %@@@@@%                                             │
 │                                             **************     %@@@@@%                                             │
 │                                                                                                                    │
 │                                               Waiting for webhooks...                                              │
 └────────────────────────────────────────────────────────────────────────────────────────────────────────────────────┘
 Listen (0)  ↑↓ Select | Enter Details | / Search | Q Quit                                               API connected
