---
source: src/main.rs
expression: help
---
Print a shell completion script

Usage: hooklistener completions [OPTIONS] <SHELL>

Arguments:
  <SHELL>  Shell to generate completions for [possible values: bash, zsh, fish, powershell, elvish]

Options:
  -h, --help  Print help

Global options:
      --json               Output supported command responses or event streams as JSON
      --color <COLOR>      Styling policy for human output [default: auto] [possible values: auto,
                           always, never]
      --yes                Confirm destructive commands without an interactive prompt
      --log-level <LEVEL>  Log level [default: info] [possible values: trace, debug, info, warn,
                           error]
      --log-dir <DIR>      Directory for log files
      --log-stdout         Also write logs to stdout
