---
source: src/main.rs
expression: output
---
ENDPOINT LIST
[INFO] NO DEBUG ENDPOINTS FOUND


REQUEST LIST
[INFO] NO REQUESTS FOUND


FORWARD LIST
[INFO] NO FORWARDS FOUND


SHARE LIST
[INFO] NO SHARES FOUND


MONITOR LIST
[INFO] NO UPTIME MONITORS FOUND


MONITOR CHECKS
[INFO] NO CHECKS RECORDED


STATIC TUNNEL LIST
[INFO] NO STATIC TUNNELS FOUND


ANON EVENTS
[INFO] NO EVENTS CAPTURED
