---
source: src/ui.rs
expression: snapshot
---

 ┌ Tunnel Connection ──────────────────────────────────────────────────┐┌ Statistics ─────────────────────────────────┐
 │ENDPOINT  github-webhooks-v7zd                                       ││TOTAL    0                                   │
 │TARGET    http://localhost:3000                                      ││SUCCESS  0                                   │
 │STATUS    ● Connected                                                ││FAILED   0                                   │
 └─────────────────────────────────────────────────────────────────────┘└─────────────────────────────────────────────┘
 ┌ Live Requests ─────────────────────────────────────────────────────────────────────────────────────────────────────┐
 │                                                        **%%%%%%%%%%%%*                                             │
 │                                                   *%%%%%%%%%%%%%%%%%%%%*                                           │
 │                                               *%%%%%%%%%%%%**      *%%%%                                           │
 │                                           %%%%%%%%%%%%%%%         ***                                              │
 │                                           %%%%%%%%%%%%*        %@@@@@%                                             │
 │                                             **************     %@@@@@%                                             │
 │                                                                                                                    │
 │                                               Waiting for webhooks...                                              │
 └────────────────────────────────────────────────────────────────────────────────────────────────────────────────────┘
 Listen (0)  ↑↓ Select | Enter Details | / Search | Q Quit                                               API connected
