---
source: src/ui.rs
expression: snapshot
---

 ┌──────────────────────────────────────────────────────────────────────────────────────────────────────────┐
 │ Info │ Headers │ Body                                                                                    │
 └──────────────────────────────────────────────────────────────────────────────────────────────────────────┘
 ┌ Headers (4) ─────────────────────────────────────────────────────────────────────────────────────────────┐
 │content-type                  application/json; charset=utf-8                                             │
 │user-agent                    GitHub-Hookshot/8d49094                                                     │
 │x-forwarded-for               172.71.190.83, 10.0.0.42                                                    │
 │x-hub-signature-256           sha256=a1b2c3d4e5f6a1b2c3d4e5f6a1b2c3d4e5f6a1b2c3d4e5f6a1b2c3d4e5f6a1b2c3d4e│
 │                              5f6a1b2c3d4e5f6a1b2c3d4e5f6                                                 │
 │                                                                                                          │
 │                                                                                                          │
 │                                                                                                          │
 │                                                                                                          │
 │                                                                                                          │
 │                                                                                                          │
 │                                                                                                          │
 │                                                                                                          │
 │                                                                                                          │
 │                                                                                                          │
 │                                                                                                          │
 └──────────────────────────────────────────────────────────────────────────────────────────────────────────┘
 Request  Tab Tabs | ↑↓ Scroll | / Fuzzy | F Forward | E Export | B Back | Q Quit              API connected
